---
source: crates/server/tests/replay.rs
expression: value
---
{
  "body": {
    "items": [
      {
        "candidates": [
          {
            "confidence": 0.9,
            "label": "Alpha",
            "title": {
              "id": "m1",
              "type": "movie"
            }
          }
        ],
        "id": "uf1",
        "library_id": "lib1",
        "path": "/media/unmatched.mkv"
      }
    ],
    "limit": 50,
    "offset": 0,
    "total": 1
  },
  "status": 200
}
