---
source: crates/server/tests/replay.rs
expression: value
---
{
  "body": {
    "in_progress": [
      {
        "card": {
          "artwork": {
            "backdrops": [
              {
                "base": "/images/m1-backdrop",
                "widths": [
                  480,
                  960
                ]
              }
            ],
            "posters": [
              {
                "base": "/images/m1-poster",
                "widths": [
                  180,
                  480,
                  960
                ]
              }
            ]
          },
          "display_title": "Alpha m1",
          "duration_ms": 100000,
          "progress_percent": 1,
          "title": {
            "id": "m1",
            "type": "movie"
          }
        },
        "progress": {
          "position_ms": 1234,
          "updated_at": "2023-11-14T22:13:40Z",
          "user_id": "u1",
          "version_id": "v1"
        }
      }
    ],
    "next_episodes": [],
    "next_movies": [],
    "now_playing": []
  },
  "status": 200
}
