---
source: crates/server/tests/replay.rs
expression: value
---
{
  "body": [
    {
      "completed": false,
      "favorite": false,
      "progress_percent": 1,
      "title": {
        "id": "m1",
        "type": "movie"
      },
      "watched": false,
      "watchlisted": false
    }
  ],
  "status": 200
}
