---
source: crates/server/tests/replay.rs
expression: value
---
{
  "body": {
    "id": "[id]",
    "kind": "movie",
    "metadata_sources": [
      "tmdb"
    ],
    "name": "New Library",
    "roots": [
      "/media/new"
    ],
    "scan_schedule": null,
    "watcher": "manual"
  },
  "status": 201
}
