---
source: crates/server/tests/replay.rs
expression: value
---
{
  "body": {
    "added_at": "2023-11-14T22:13:24Z",
    "air_date": "2023-11-14T22:13:23Z",
    "artwork": {
      "backdrop": {
        "base": "/images/e1-backdrop",
        "widths": [
          480,
          960
        ]
      },
      "poster": {
        "base": "/images/e1-poster",
        "widths": [
          180,
          480,
          960
        ]
      }
    },
    "id": "[id]",
    "number": 1,
    "overview": null,
    "runtime_minutes": 42,
    "season_id": "se1",
    "title": "Alpha e1"
  },
  "status": 200
}
