---
source: crates/api/tests/snapshots.rs
expression: value
---
{
  "body": {
    "items": [
      {
        "id": "c1",
        "movies": [
          "m1"
        ],
        "name": "Saga",
        "overview": "epic"
      }
    ],
    "limit": 50,
    "offset": 0,
    "total": 1
  },
  "status": 200
}
