---
source: crates/api/tests/snapshots.rs
expression: value
---
{
  "body": {
    "added_at": "[added_at]",
    "artwork": {
      "backdrops": [
        {
          "base": "/images/se1-backdrop",
          "widths": [
            480,
            960
          ]
        }
      ],
      "posters": [
        {
          "base": "/images/se1-poster",
          "widths": [
            180,
            480,
            960
          ]
        }
      ]
    },
    "id": "se1",
    "number": 1,
    "overview": null,
    "series_artwork": {
      "backdrops": [
        {
          "base": "/images/s1-backdrop",
          "widths": [
            480,
            960
          ]
        }
      ],
      "posters": [
        {
          "base": "/images/s1-poster",
          "widths": [
            180,
            480,
            960
          ]
        }
      ]
    },
    "series_id": "s1",
    "series_title": "Alpha s1",
    "title": "Season 1",
    "updated_at": "[updated_at]"
  },
  "status": 200
}
