---
source: crates/api/tests/snapshots.rs
expression: value
---
{
  "body": {
    "heartbeat_interval_s": 10,
    "manifest_url": "[manifest_url]",
    "mode": "direct",
    "selected": {
      "audio_track": 0,
      "subtitle_delivery": "hls_vtt",
      "subtitle_track": {
        "index": 1,
        "type": "embedded"
      }
    },
    "session_id": "[session_id]"
  },
  "status": 201
}
