---
source: crates/api/tests/snapshots.rs
expression: value
---
{
  "body": {
    "container": null,
    "manifest_url": "[manifest_url]",
    "mode": "direct",
    "origin_ms": 0,
    "selected": {
      "audio_track": 0,
      "subtitle_delivery": null,
      "subtitle_track": null
    },
    "sequential": false,
    "session_id": "[session_id]"
  },
  "status": 200
}
