---
source: crates/api/tests/snapshots.rs
expression: value
---
{
  "body": [
    {
      "added_at": "2023-11-14T22:13:24Z",
      "air_date": "2023-11-14T22:13:23Z",
      "artwork": {
        "backdrops": [
          {
            "base": "/images/e1-backdrop",
            "widths": [
              480,
              960
            ]
          }
        ],
        "posters": [
          {
            "base": "/images/e1-poster",
            "widths": [
              180,
              480,
              960
            ]
          }
        ]
      },
      "id": "e1",
      "number": 1,
      "overview": null,
      "runtime_minutes": 42,
      "season_id": "se1",
      "title": "Alpha e1",
      "updated_at": "2023-11-14T22:13:24Z"
    }
  ],
  "status": 200
}
