---
source: crates/api/tests/snapshots.rs
expression: value
---
{
  "body": {
    "in_progress": [
      {
        "card": {
          "artwork": {
            "backdrop": {
              "base": "/images/m1-backdrop",
              "widths": [
                480,
                960
              ]
            },
            "poster": {
              "base": "/images/m1-poster",
              "widths": [
                180,
                480,
                960
              ]
            }
          },
          "display_title": "Alpha m1",
          "duration_ms": 1000,
          "progress_percent": 1,
          "title": {
            "id": "m1",
            "type": "movie"
          }
        },
        "progress": {
          "position_ms": 10,
          "updated_at": "2023-11-14T22:13:50Z",
          "user_id": "u1",
          "version_id": "v1"
        }
      }
    ],
    "next_episodes": [
      {
        "added_at": "2023-11-14T22:13:24Z",
        "air_date": "2023-11-14T22:13:23Z",
        "artwork": {
          "backdrop": {
            "base": "/images/e1-backdrop",
            "widths": [
              480,
              960
            ]
          },
          "poster": {
            "base": "/images/e1-poster",
            "widths": [
              180,
              480,
              960
            ]
          }
        },
        "id": "e1",
        "number": 1,
        "overview": null,
        "runtime_minutes": 42,
        "season_id": "se1",
        "title": "Alpha e1",
        "updated_at": "2023-11-14T22:13:24Z"
      }
    ],
    "next_movies": [
      {
        "added_at": "2023-11-14T22:13:21Z",
        "artwork": {
          "backdrop": {
            "base": "/images/m2-backdrop",
            "widths": [
              480,
              960
            ]
          },
          "poster": {
            "base": "/images/m2-poster",
            "widths": [
              180,
              480,
              960
            ]
          }
        },
        "content_rating": {
          "code": "PG-13",
          "system": "MPAA"
        },
        "id": "m2",
        "overview": "overview",
        "runtime_minutes": 100,
        "title": "Alpha m2",
        "updated_at": "2023-11-14T22:13:21Z",
        "year": 2020
      }
    ],
    "now_playing": []
  },
  "status": 200
}
