---
source: crates/api/tests/snapshots.rs
expression: value
---
{
  "body": {
    "added_at": "2023-11-14T22:13:21Z",
    "content_rating": {
      "code": "PG-13",
      "system": "MPAA"
    },
    "id": "m1",
    "overview": "overview",
    "runtime_minutes": 100,
    "title": "Alpha m1",
    "year": 2020
  },
  "status": 200
}
