---
source: crates/api/tests/snapshots.rs
expression: value
---
{
  "body": {
    "active": true,
    "bitrate_cap": 8000000,
    "concurrent_stream_limit": 2,
    "created_at": "[created_at]",
    "id": "[id]",
    "max_content_rating": {
      "code": "R",
      "system": "MPAA"
    },
    "preferred_audio": [
      "en"
    ],
    "preferred_subtitle": [
      "fr"
    ],
    "role": "user",
    "updated_at": "[updated_at]",
    "username": "minted"
  },
  "status": 200
}
