---
source: crates/api/tests/snapshots.rs
expression: value
---
{
  "body": {
    "items": [
      {
        "added_at": "2023-11-14T22:13:21Z",
        "content_rating": {
          "code": "PG-13",
          "system": "MPAA"
        },
        "id": "m1",
        "overview": "overview",
        "runtime_minutes": 100,
        "title": "Alpha m1",
        "type": "movie",
        "year": 2020
      },
      {
        "added_at": "2023-11-14T22:13:22Z",
        "content_rating": {
          "code": "TV-14",
          "system": "TV"
        },
        "id": "s1",
        "overview": null,
        "title": "Alpha s1",
        "type": "series",
        "year": 2019
      },
      {
        "added_at": "2023-11-14T22:13:24Z",
        "air_date": "2023-11-14T22:13:23Z",
        "id": "e1",
        "number": 1,
        "overview": null,
        "runtime_minutes": 42,
        "season_id": "se1",
        "title": "Alpha e1",
        "type": "episode"
      },
      {
        "id": "p1",
        "name": "Alpha Person",
        "type": "person"
      }
    ],
    "limit": 50,
    "offset": 0,
    "total": 4
  },
  "status": 200
}
